Flutter crash report.
Please report a bug at https://github.com/flutter/flutter/issues.

## command

flutter build apk --debug

## exception

ProcessPackageException: ProcessException: Found candidates, but lacked sufficient permissions to execute "/mnt/sdcard/marketplace-app-main/android/gradlew".
  Command: /mnt/sdcard/marketplace-app-main/android/gradlew 

```
#0      LocalProcessManager.start (package:process/src/interface/local_process_manager.dart:56:7)
#1      ErrorHandlingProcessManager.start.<anonymous closure> (package:flutter_tools/src/base/error_handling_io.dart:1243:26)
#2      _run (package:flutter_tools/src/base/error_handling_io.dart:1050:22)
#3      ErrorHandlingProcessManager.start (package:flutter_tools/src/base/error_handling_io.dart:1241:12)
#4      _DefaultProcessUtils.start (package:flutter_tools/src/base/process.dart:538:28)
#5      _DefaultProcessUtils.stream (package:flutter_tools/src/base/process.dart:558:35)
#6      AndroidGradleBuilder._runGradleTask (package:flutter_tools/src/android/gradle.dart:351:38)
#7      AndroidGradleBuilder.buildGradleApp (package:flutter_tools/src/android/gradle.dart:572:32)
<asynchronous suspension>
#8      AndroidGradleBuilder.buildApk (package:flutter_tools/src/android/gradle.dart:236:5)
<asynchronous suspension>
#9      BuildApkCommand.runCommand (package:flutter_tools/src/commands/build_apk.dart:132:5)
<asynchronous suspension>
#10     FlutterCommand.run.<anonymous closure> (package:flutter_tools/src/runner/flutter_command.dart:1630:27)
<asynchronous suspension>
#11     AppContext.run.<anonymous closure> (package:flutter_tools/src/base/context.dart:154:19)
<asynchronous suspension>
#12     CommandRunner.runCommand (package:args/command_runner.dart:212:13)
<asynchronous suspension>
#13     FlutterCommandRunner.runCommand.<anonymous closure> (package:flutter_tools/src/runner/flutter_command_runner.dart:496:9)
<asynchronous suspension>
#14     AppContext.run.<anonymous closure> (package:flutter_tools/src/base/context.dart:154:19)
<asynchronous suspension>
#15     FlutterCommandRunner.runCommand (package:flutter_tools/src/runner/flutter_command_runner.dart:431:5)
<asynchronous suspension>
#16     FlutterCommandRunner.run.<anonymous closure> (package:flutter_tools/src/runner/flutter_command_runner.dart:307:33)
<asynchronous suspension>
#17     run.<anonymous closure>.<anonymous closure> (package:flutter_tools/runner.dart:104:11)
<asynchronous suspension>
#18     AppContext.run.<anonymous closure> (package:flutter_tools/src/base/context.dart:154:19)
<asynchronous suspension>
#19     main (package:flutter_tools/executable.dart:103:3)
<asynchronous suspension>
```

## flutter doctor

```
[32m[✓][39m Flutter (Channel stable, 3.44.7, on Ubuntu 26.04 LTS 6.17.0-PRoot-Distro,
    locale en_US) [233ms]
    [32m•[39m Flutter version 3.44.7 on channel stable at /root/flutter
    [32m•[39m Upstream repository https://github.com/flutter/flutter.git
    [32m•[39m Framework revision 84fc5cbb22 (5 days ago), 2026-07-17 10:20:17 -0700
    [32m•[39m Engine revision 69c8c61792
    [32m•[39m Dart version 3.12.2
    [32m•[39m DevTools version 2.57.0
    [32m•[39m Feature flags: enable-web, enable-linux-desktop, enable-macos-desktop,
      enable-windows-desktop, enable-android, enable-ios, cli-animations,
      enable-native-assets, enable-swift-package-manager,
      omit-legacy-version-file, enable-lldb-debugging,
      enable-uiscene-migration

[33m[!][39m Android toolchain - develop for Android devices [143ms]
    [32m•[39m Android SDK at /usr/lib/android-sdk
    [32m•[39m Emulator version unknown
    [31m✗[39m Unable to locate Android SDK.
      Install Android Studio from:
      https://developer.android.com/studio/index.html
      On first launch it will assist you in installing the Android SDK
      components.
      (or visit https://flutter.dev/to/linux-android-setup for detailed
      instructions).
      If the Android SDK has been installed to a custom location, please use
      `flutter config --android-sdk` to update to that location.

    [32m•[39m ANDROID_HOME = /usr/lib/android-sdk
    [31m✗[39m No valid Android SDK platforms found in /usr/lib/android-sdk/platforms.
      Directory was empty.
    [32m•[39m Try re-installing or updating your Android SDK,
      visit https://flutter.dev/to/linux-android-setup for detailed
      instructions.

[31m[✗][39m Chrome - develop for the web (Cannot find Chrome executable at
    google-chrome) [81ms]
    [33m![39m Cannot find Chrome. Try setting CHROME_EXECUTABLE to a Chrome
      executable.

[32m[✓][39m Linux toolchain - develop for Linux desktop [1,370ms]
    [32m•[39m Ubuntu clang version 21.1.8 (6ubuntu1)
    [32m•[39m cmake version 4.2.3
    [32m•[39m ninja version 1.13.2
    [32m•[39m pkg-config version 2.5.1
    [33m![39m Unable to access driver information using 'eglinfo'.
      It is likely available from your distribution (e.g.: apt install
      mesa-utils)

[32m[✓][39m Connected device (1 available) [1,155ms]
    [32m•[39m Linux (desktop) • linux • linux-arm64 • Ubuntu 26.04 LTS
      6.17.0-PRoot-Distro

[32m[✓][39m Network resources [905ms]
    [32m•[39m All expected network resources are available.

[33m![39m Doctor found issues in 2 categories.
```
